it's me...HELLO 
